[2022-10-25 17:42:54,473: INFO/MainProcess] Task account.tasks.debug_task[32387b32-226a-4825-84b1-89d365f65ce3] received
[2022-10-25 17:42:54,476: INFO/ForkPoolWorker-7] account.tasks.debug_task[32387b32-226a-4825-84b1-89d365f65ce3]: just for testing every 30 second
[2022-10-25 17:42:54,479: INFO/ForkPoolWorker-7] Task account.tasks.debug_task[32387b32-226a-4825-84b1-89d365f65ce3] succeeded in 0.0030082000012043864s: 'Celery work'
[2022-10-25 17:43:25,752: INFO/MainProcess] Task account.tasks.debug_task[cb300255-0232-4373-bc35-a423d081b134] received
[2022-10-25 17:43:25,759: INFO/ForkPoolWorker-7] account.tasks.debug_task[cb300255-0232-4373-bc35-a423d081b134]: just for testing every 30 second
[2022-10-25 17:43:25,763: INFO/ForkPoolWorker-7] Task account.tasks.debug_task[cb300255-0232-4373-bc35-a423d081b134] succeeded in 0.004098400000657421s: 'Celery work'
[2022-10-25 17:43:56,943: INFO/MainProcess] Task account.tasks.debug_task[155f87e3-f939-4c38-ac74-fa89df4f96ec] received
[2022-10-25 17:43:56,945: INFO/ForkPoolWorker-7] account.tasks.debug_task[155f87e3-f939-4c38-ac74-fa89df4f96ec]: just for testing every 30 second
[2022-10-25 17:43:56,948: INFO/ForkPoolWorker-7] Task account.tasks.debug_task[155f87e3-f939-4c38-ac74-fa89df4f96ec] succeeded in 0.0021699000008084113s: 'Celery work'
[2022-10-25 17:44:28,170: INFO/MainProcess] Task account.tasks.debug_task[3a0738c4-d5f8-4488-9c2b-1b230fff5d24] received
[2022-10-25 17:44:28,173: INFO/ForkPoolWorker-7] account.tasks.debug_task[3a0738c4-d5f8-4488-9c2b-1b230fff5d24]: just for testing every 30 second
[2022-10-25 17:44:28,175: INFO/ForkPoolWorker-7] Task account.tasks.debug_task[3a0738c4-d5f8-4488-9c2b-1b230fff5d24] succeeded in 0.0025427000000490807s: 'Celery work'
[2022-10-25 17:44:59,414: INFO/MainProcess] Task account.tasks.debug_task[faa2926b-40db-448a-ae4e-8a534a200f98] received
[2022-10-25 17:44:59,419: INFO/ForkPoolWorker-7] account.tasks.debug_task[faa2926b-40db-448a-ae4e-8a534a200f98]: just for testing every 30 second
[2022-10-25 17:44:59,423: INFO/ForkPoolWorker-7] Task account.tasks.debug_task[faa2926b-40db-448a-ae4e-8a534a200f98] succeeded in 0.0038633000003756024s: 'Celery work'
[2022-10-25 17:45:30,643: INFO/MainProcess] Task account.tasks.debug_task[9d647f7d-fd3c-4424-8f39-eccadf001b27] received
[2022-10-25 17:45:30,656: INFO/ForkPoolWorker-7] account.tasks.debug_task[9d647f7d-fd3c-4424-8f39-eccadf001b27]: just for testing every 30 second
[2022-10-25 17:45:30,665: INFO/ForkPoolWorker-7] Task account.tasks.debug_task[9d647f7d-fd3c-4424-8f39-eccadf001b27] succeeded in 0.010385800000221934s: 'Celery work'
[2022-10-25 17:46:02,005: INFO/MainProcess] Task account.tasks.debug_task[0fdfeb4e-4715-496c-be90-eb92b4999ccf] received
[2022-10-25 17:46:02,018: INFO/ForkPoolWorker-7] account.tasks.debug_task[0fdfeb4e-4715-496c-be90-eb92b4999ccf]: just for testing every 30 second
[2022-10-25 17:46:02,026: INFO/ForkPoolWorker-7] Task account.tasks.debug_task[0fdfeb4e-4715-496c-be90-eb92b4999ccf] succeeded in 0.008473500000036438s: 'Celery work'
[2022-10-25 17:46:33,282: INFO/MainProcess] Task account.tasks.debug_task[50d6791e-bd4d-4226-b0bc-18337053945a] received
[2022-10-25 17:46:33,287: INFO/ForkPoolWorker-7] account.tasks.debug_task[50d6791e-bd4d-4226-b0bc-18337053945a]: just for testing every 30 second
[2022-10-25 17:46:33,291: INFO/ForkPoolWorker-7] Task account.tasks.debug_task[50d6791e-bd4d-4226-b0bc-18337053945a] succeeded in 0.0034773999996104976s: 'Celery work'
[2022-10-25 17:47:04,481: INFO/MainProcess] Task account.tasks.debug_task[3ae29c51-9f63-40c6-85c2-e33339ea2a1d] received
[2022-10-25 17:47:04,496: INFO/ForkPoolWorker-7] account.tasks.debug_task[3ae29c51-9f63-40c6-85c2-e33339ea2a1d]: just for testing every 30 second
[2022-10-25 17:47:04,507: INFO/ForkPoolWorker-7] Task account.tasks.debug_task[3ae29c51-9f63-40c6-85c2-e33339ea2a1d] succeeded in 0.011628600001131417s: 'Celery work'
[2022-10-25 17:47:35,768: INFO/MainProcess] Task account.tasks.debug_task[9f83b5c7-8e1e-4c7f-afaa-7eab11b23a1b] received
[2022-10-25 17:47:35,781: INFO/ForkPoolWorker-7] account.tasks.debug_task[9f83b5c7-8e1e-4c7f-afaa-7eab11b23a1b]: just for testing every 30 second
[2022-10-25 17:47:35,791: INFO/ForkPoolWorker-7] Task account.tasks.debug_task[9f83b5c7-8e1e-4c7f-afaa-7eab11b23a1b] succeeded in 0.011055800001486205s: 'Celery work'
[2022-10-25 17:48:06,986: INFO/MainProcess] Task account.tasks.debug_task[77932419-7995-4850-8738-86b7f9e0165d] received
[2022-10-25 17:48:06,998: INFO/ForkPoolWorker-7] account.tasks.debug_task[77932419-7995-4850-8738-86b7f9e0165d]: just for testing every 30 second
[2022-10-25 17:48:07,007: INFO/ForkPoolWorker-7] Task account.tasks.debug_task[77932419-7995-4850-8738-86b7f9e0165d] succeeded in 0.008521800000380608s: 'Celery work'
[2022-10-25 17:48:38,311: INFO/MainProcess] Task account.tasks.debug_task[5e981ada-c37d-4f58-a8a4-8f1cd011c399] received
[2022-10-25 17:48:38,326: INFO/ForkPoolWorker-7] account.tasks.debug_task[5e981ada-c37d-4f58-a8a4-8f1cd011c399]: just for testing every 30 second
[2022-10-25 17:48:38,335: INFO/ForkPoolWorker-7] Task account.tasks.debug_task[5e981ada-c37d-4f58-a8a4-8f1cd011c399] succeeded in 0.008879700000761659s: 'Celery work'
[2022-10-25 18:10:36,130: INFO/MainProcess] Connected to redis://redis:6379//
[2022-10-25 18:10:36,185: INFO/MainProcess] mingle: searching for neighbors
[2022-10-25 18:10:37,232: INFO/MainProcess] mingle: all alone
[2022-10-25 18:10:37,308: INFO/MainProcess] celery@d47855f4071e ready.
[2022-10-25 18:10:39,220: INFO/MainProcess] Events of group {task} enabled by remote.
[2022-10-25 18:10:51,457: INFO/MainProcess] Task account.tasks.debug_task[4f09f368-2693-454b-a851-3ea776932353] received
[2022-10-25 18:10:51,468: INFO/ForkPoolWorker-7] account.tasks.debug_task[4f09f368-2693-454b-a851-3ea776932353]: just for testing every 30 second
[2022-10-25 18:10:51,479: INFO/ForkPoolWorker-7] Task account.tasks.debug_task[4f09f368-2693-454b-a851-3ea776932353] succeeded in 0.011960200001340127s: 'Celery work'
[2022-10-25 18:10:54,780: INFO/MainProcess] Task account.tasks.delete_expired_tokens[7d5f70d4-df05-435a-a93b-4b5c85e2340c] received
[2022-10-25 18:10:56,112: INFO/ForkPoolWorker-7] Task account.tasks.delete_expired_tokens[7d5f70d4-df05-435a-a93b-4b5c85e2340c] succeeded in 1.316266400001041s: 'Tokens celery Done'
[2022-10-25 18:10:58,120: INFO/MainProcess] Task notification.tasks.delete_expired_notification[e74fb1db-d44d-400a-b22d-1c54db28ffeb] received
[2022-10-25 18:10:59,672: INFO/ForkPoolWorker-7] Task notification.tasks.delete_expired_notification[e74fb1db-d44d-400a-b22d-1c54db28ffeb] succeeded in 1.540464099998644s: 'Notification celery done'
[2022-10-25 18:11:22,750: INFO/MainProcess] Task account.tasks.debug_task[f4babaeb-d3cb-42cc-9ed0-20ab6edfc7d3] received
[2022-10-25 18:11:22,771: INFO/ForkPoolWorker-7] account.tasks.debug_task[f4babaeb-d3cb-42cc-9ed0-20ab6edfc7d3]: just for testing every 30 second
[2022-10-25 18:11:22,777: INFO/ForkPoolWorker-7] Task account.tasks.debug_task[f4babaeb-d3cb-42cc-9ed0-20ab6edfc7d3] succeeded in 0.006889299998874776s: 'Celery work'
[2022-10-25 18:11:54,012: INFO/MainProcess] Task account.tasks.debug_task[6c8ca221-fa7f-4159-845e-96530466d82f] received
[2022-10-25 18:11:54,020: INFO/ForkPoolWorker-7] account.tasks.debug_task[6c8ca221-fa7f-4159-845e-96530466d82f]: just for testing every 30 second
[2022-10-25 18:11:54,027: INFO/ForkPoolWorker-7] Task account.tasks.debug_task[6c8ca221-fa7f-4159-845e-96530466d82f] succeeded in 0.007857299999159295s: 'Celery work'
[2022-10-25 18:12:25,353: INFO/MainProcess] Task account.tasks.debug_task[2d9b7bdf-54cd-4ccb-99cf-c6707a9c9ccf] received
[2022-10-25 18:12:25,370: INFO/ForkPoolWorker-7] account.tasks.debug_task[2d9b7bdf-54cd-4ccb-99cf-c6707a9c9ccf]: just for testing every 30 second
[2022-10-25 18:12:25,379: INFO/ForkPoolWorker-7] Task account.tasks.debug_task[2d9b7bdf-54cd-4ccb-99cf-c6707a9c9ccf] succeeded in 0.0099804999990738s: 'Celery work'
[2022-10-25 18:12:56,671: INFO/MainProcess] Task account.tasks.debug_task[91a9fadc-9bc4-4fd3-8b06-c2a1372b5a1c] received
[2022-10-25 18:12:56,701: INFO/ForkPoolWorker-7] account.tasks.debug_task[91a9fadc-9bc4-4fd3-8b06-c2a1372b5a1c]: just for testing every 30 second
[2022-10-25 18:12:56,713: INFO/ForkPoolWorker-7] Task account.tasks.debug_task[91a9fadc-9bc4-4fd3-8b06-c2a1372b5a1c] succeeded in 0.012364599999273196s: 'Celery work'
[2022-10-25 18:13:27,918: INFO/MainProcess] Task account.tasks.debug_task[01540da0-3018-4f9e-8dff-274955ad06ac] received
[2022-10-25 18:13:27,932: INFO/ForkPoolWorker-7] account.tasks.debug_task[01540da0-3018-4f9e-8dff-274955ad06ac]: just for testing every 30 second
[2022-10-25 18:13:27,941: INFO/ForkPoolWorker-7] Task account.tasks.debug_task[01540da0-3018-4f9e-8dff-274955ad06ac] succeeded in 0.0091963000013493s: 'Celery work'
[2022-10-25 18:14:01,031: INFO/MainProcess] Task account.tasks.debug_task[a6e176f1-f1e9-45ee-a522-9354155b5839] received
[2022-10-25 18:14:01,039: INFO/ForkPoolWorker-7] account.tasks.debug_task[a6e176f1-f1e9-45ee-a522-9354155b5839]: just for testing every 30 second
[2022-10-25 18:14:01,049: INFO/ForkPoolWorker-7] Task account.tasks.debug_task[a6e176f1-f1e9-45ee-a522-9354155b5839] succeeded in 0.010632100002112566s: 'Celery work'
[2022-10-25 18:14:32,317: INFO/MainProcess] Task account.tasks.debug_task[87dbf0f7-26d6-425d-97a2-bb7222c246a1] received
[2022-10-25 18:14:32,332: INFO/ForkPoolWorker-7] account.tasks.debug_task[87dbf0f7-26d6-425d-97a2-bb7222c246a1]: just for testing every 30 second
[2022-10-25 18:14:32,341: INFO/ForkPoolWorker-7] Task account.tasks.debug_task[87dbf0f7-26d6-425d-97a2-bb7222c246a1] succeeded in 0.009980799997720169s: 'Celery work'
[2022-10-25 18:15:03,696: INFO/MainProcess] Task account.tasks.debug_task[ba0f6e0d-397e-4831-a4d9-d27b6c262081] received
[2022-10-25 18:15:03,702: INFO/ForkPoolWorker-7] account.tasks.debug_task[ba0f6e0d-397e-4831-a4d9-d27b6c262081]: just for testing every 30 second
[2022-10-25 18:15:03,706: INFO/ForkPoolWorker-7] Task account.tasks.debug_task[ba0f6e0d-397e-4831-a4d9-d27b6c262081] succeeded in 0.004515199998422759s: 'Celery work'
[2022-10-25 18:15:35,007: INFO/MainProcess] Task account.tasks.debug_task[799a6411-efc7-4784-8991-fca0e4678d88] received
[2022-10-25 18:15:35,013: INFO/ForkPoolWorker-7] account.tasks.debug_task[799a6411-efc7-4784-8991-fca0e4678d88]: just for testing every 30 second
[2022-10-25 18:15:35,018: INFO/ForkPoolWorker-7] Task account.tasks.debug_task[799a6411-efc7-4784-8991-fca0e4678d88] succeeded in 0.005531300001166528s: 'Celery work'
[2022-10-25 18:16:06,296: INFO/MainProcess] Task account.tasks.debug_task[47196708-f3b4-42b4-9ffe-2013eb2e7793] received
[2022-10-25 18:16:06,314: INFO/ForkPoolWorker-7] account.tasks.debug_task[47196708-f3b4-42b4-9ffe-2013eb2e7793]: just for testing every 30 second
[2022-10-25 18:16:06,323: INFO/ForkPoolWorker-7] Task account.tasks.debug_task[47196708-f3b4-42b4-9ffe-2013eb2e7793] succeeded in 0.01081749999866588s: 'Celery work'
[2022-10-25 18:16:37,644: INFO/MainProcess] Task account.tasks.debug_task[f87c4c09-e798-46a0-90a9-ee57a24f32a7] received
[2022-10-25 18:16:37,658: INFO/ForkPoolWorker-7] account.tasks.debug_task[f87c4c09-e798-46a0-90a9-ee57a24f32a7]: just for testing every 30 second
[2022-10-25 18:16:37,663: INFO/ForkPoolWorker-7] Task account.tasks.debug_task[f87c4c09-e798-46a0-90a9-ee57a24f32a7] succeeded in 0.00570030000017141s: 'Celery work'
[2022-10-25 18:17:08,912: INFO/MainProcess] Task account.tasks.debug_task[4251fc2f-a74e-442b-a3a3-7a7fb2ae016b] received
[2022-10-25 18:17:08,925: INFO/ForkPoolWorker-7] account.tasks.debug_task[4251fc2f-a74e-442b-a3a3-7a7fb2ae016b]: just for testing every 30 second
[2022-10-25 18:17:08,934: INFO/ForkPoolWorker-7] Task account.tasks.debug_task[4251fc2f-a74e-442b-a3a3-7a7fb2ae016b] succeeded in 0.009777600000234088s: 'Celery work'
[2022-10-25 18:17:40,155: INFO/MainProcess] Task account.tasks.debug_task[3ac0b727-0e13-4f8b-8424-6dcce673a1ee] received
[2022-10-25 18:17:40,160: INFO/ForkPoolWorker-7] account.tasks.debug_task[3ac0b727-0e13-4f8b-8424-6dcce673a1ee]: just for testing every 30 second
[2022-10-25 18:17:40,163: INFO/ForkPoolWorker-7] Task account.tasks.debug_task[3ac0b727-0e13-4f8b-8424-6dcce673a1ee] succeeded in 0.003260599998611724s: 'Celery work'
[2022-10-25 18:18:11,468: INFO/MainProcess] Task account.tasks.debug_task[2fb43b2c-600d-483a-8f79-0b5bc162f7b3] received
[2022-10-25 18:18:11,482: INFO/ForkPoolWorker-7] account.tasks.debug_task[2fb43b2c-600d-483a-8f79-0b5bc162f7b3]: just for testing every 30 second
[2022-10-25 18:18:11,496: INFO/ForkPoolWorker-7] Task account.tasks.debug_task[2fb43b2c-600d-483a-8f79-0b5bc162f7b3] succeeded in 0.014479000001301756s: 'Celery work'
[2022-10-25 18:18:42,825: INFO/MainProcess] Task account.tasks.debug_task[61f9e9b0-36a7-4959-9e1d-bd3482da8deb] received
[2022-10-25 18:18:42,831: INFO/ForkPoolWorker-7] account.tasks.debug_task[61f9e9b0-36a7-4959-9e1d-bd3482da8deb]: just for testing every 30 second
[2022-10-25 18:18:42,838: INFO/ForkPoolWorker-7] Task account.tasks.debug_task[61f9e9b0-36a7-4959-9e1d-bd3482da8deb] succeeded in 0.006812200001149904s: 'Celery work'
[2022-10-25 18:19:14,072: INFO/MainProcess] Task account.tasks.debug_task[4dacd373-20cd-427d-9caa-2f2a9c1d99f9] received
[2022-10-25 18:19:14,082: INFO/ForkPoolWorker-7] account.tasks.debug_task[4dacd373-20cd-427d-9caa-2f2a9c1d99f9]: just for testing every 30 second
[2022-10-25 18:19:14,088: INFO/ForkPoolWorker-7] Task account.tasks.debug_task[4dacd373-20cd-427d-9caa-2f2a9c1d99f9] succeeded in 0.006412499998987187s: 'Celery work'
[2022-10-25 18:19:45,417: INFO/MainProcess] Task account.tasks.debug_task[169b3f60-22d7-4f81-943c-64f406c616cd] received
[2022-10-25 18:19:45,422: INFO/ForkPoolWorker-7] account.tasks.debug_task[169b3f60-22d7-4f81-943c-64f406c616cd]: just for testing every 30 second
[2022-10-25 18:19:45,427: INFO/ForkPoolWorker-7] Task account.tasks.debug_task[169b3f60-22d7-4f81-943c-64f406c616cd] succeeded in 0.005112800001370488s: 'Celery work'
[2022-10-25 18:20:16,763: INFO/MainProcess] Task account.tasks.debug_task[de6484a4-de1d-494a-aa27-582cff33a37d] received
[2022-10-25 18:20:16,773: INFO/ForkPoolWorker-7] account.tasks.debug_task[de6484a4-de1d-494a-aa27-582cff33a37d]: just for testing every 30 second
[2022-10-25 18:20:16,778: INFO/ForkPoolWorker-7] Task account.tasks.debug_task[de6484a4-de1d-494a-aa27-582cff33a37d] succeeded in 0.005955299999186536s: 'Celery work'
[2022-10-25 18:20:48,000: INFO/MainProcess] Task account.tasks.debug_task[f47b5f2a-d195-43b9-8bb9-a70acbed7265] received
[2022-10-25 18:20:48,005: INFO/ForkPoolWorker-7] account.tasks.debug_task[f47b5f2a-d195-43b9-8bb9-a70acbed7265]: just for testing every 30 second
[2022-10-25 18:20:48,008: INFO/ForkPoolWorker-7] Task account.tasks.debug_task[f47b5f2a-d195-43b9-8bb9-a70acbed7265] succeeded in 0.002776000001176726s: 'Celery work'
[2022-10-25 18:21:19,768: INFO/MainProcess] Task account.tasks.debug_task[878f53bd-2474-46a4-b676-75405111d058] received
[2022-10-25 18:21:19,784: INFO/ForkPoolWorker-7] account.tasks.debug_task[878f53bd-2474-46a4-b676-75405111d058]: just for testing every 30 second
[2022-10-25 18:21:19,795: INFO/ForkPoolWorker-7] Task account.tasks.debug_task[878f53bd-2474-46a4-b676-75405111d058] succeeded in 0.01145879999967292s: 'Celery work'
[2022-10-25 18:21:51,042: INFO/MainProcess] Task account.tasks.debug_task[86de1cbf-6054-44cf-9744-3f94d3dd6922] received
[2022-10-25 18:21:51,058: INFO/ForkPoolWorker-7] account.tasks.debug_task[86de1cbf-6054-44cf-9744-3f94d3dd6922]: just for testing every 30 second
[2022-10-25 18:21:51,068: INFO/ForkPoolWorker-7] Task account.tasks.debug_task[86de1cbf-6054-44cf-9744-3f94d3dd6922] succeeded in 0.011538700000528479s: 'Celery work'
[2022-10-25 18:22:22,580: INFO/MainProcess] Task account.tasks.debug_task[f8982227-a189-4cd5-b7b2-13e5a7cd2a47] received
[2022-10-25 18:22:22,594: INFO/ForkPoolWorker-7] account.tasks.debug_task[f8982227-a189-4cd5-b7b2-13e5a7cd2a47]: just for testing every 30 second
[2022-10-25 18:22:22,602: INFO/ForkPoolWorker-7] Task account.tasks.debug_task[f8982227-a189-4cd5-b7b2-13e5a7cd2a47] succeeded in 0.008198300001822645s: 'Celery work'
[2022-10-25 18:22:54,014: INFO/MainProcess] Task account.tasks.debug_task[ad8ae604-7f6e-45de-8a95-a6a58e360838] received
[2022-10-25 18:22:54,029: INFO/ForkPoolWorker-7] account.tasks.debug_task[ad8ae604-7f6e-45de-8a95-a6a58e360838]: just for testing every 30 second
[2022-10-25 18:22:54,037: INFO/ForkPoolWorker-7] Task account.tasks.debug_task[ad8ae604-7f6e-45de-8a95-a6a58e360838] succeeded in 0.008789100000285544s: 'Celery work'
[2022-10-25 18:23:24,018: INFO/MainProcess] Task account.tasks.debug_task[a679d017-b4ba-4806-832a-616497db113d] received
[2022-10-25 18:23:24,042: INFO/ForkPoolWorker-7] account.tasks.debug_task[a679d017-b4ba-4806-832a-616497db113d]: just for testing every 30 second
[2022-10-25 18:23:24,052: INFO/ForkPoolWorker-7] Task account.tasks.debug_task[a679d017-b4ba-4806-832a-616497db113d] succeeded in 0.010189399999944726s: 'Celery work'
[2022-10-25 18:23:55,445: INFO/MainProcess] Task account.tasks.debug_task[4b81ded6-d91b-43b4-9701-c1dc34b44c2e] received
[2022-10-25 18:23:55,451: INFO/ForkPoolWorker-7] account.tasks.debug_task[4b81ded6-d91b-43b4-9701-c1dc34b44c2e]: just for testing every 30 second
[2022-10-25 18:23:55,456: INFO/ForkPoolWorker-7] Task account.tasks.debug_task[4b81ded6-d91b-43b4-9701-c1dc34b44c2e] succeeded in 0.005232999999861931s: 'Celery work'
[2022-10-25 18:24:26,837: INFO/MainProcess] Task account.tasks.debug_task[4eafc8c8-5bcf-4aed-a130-6799a9779060] received
[2022-10-25 18:24:26,859: INFO/ForkPoolWorker-7] account.tasks.debug_task[4eafc8c8-5bcf-4aed-a130-6799a9779060]: just for testing every 30 second
[2022-10-25 18:24:26,865: INFO/ForkPoolWorker-7] Task account.tasks.debug_task[4eafc8c8-5bcf-4aed-a130-6799a9779060] succeeded in 0.00717609999992419s: 'Celery work'
[2022-10-25 18:24:58,016: INFO/MainProcess] Task account.tasks.debug_task[4bdf1264-24d1-47b4-8594-185ade860ebd] received
[2022-10-25 18:24:58,019: INFO/ForkPoolWorker-7] account.tasks.debug_task[4bdf1264-24d1-47b4-8594-185ade860ebd]: just for testing every 30 second
[2022-10-25 18:24:58,022: INFO/ForkPoolWorker-7] Task account.tasks.debug_task[4bdf1264-24d1-47b4-8594-185ade860ebd] succeeded in 0.002292099998157937s: 'Celery work'
[2022-10-25 18:25:29,312: INFO/MainProcess] Task account.tasks.debug_task[37f76fca-7ea6-45d0-80c3-3cd75a00dd8c] received
[2022-10-25 18:25:29,317: INFO/ForkPoolWorker-7] account.tasks.debug_task[37f76fca-7ea6-45d0-80c3-3cd75a00dd8c]: just for testing every 30 second
[2022-10-25 18:25:29,320: INFO/ForkPoolWorker-7] Task account.tasks.debug_task[37f76fca-7ea6-45d0-80c3-3cd75a00dd8c] succeeded in 0.003392300000996329s: 'Celery work'
[2022-10-25 19:55:34,811: INFO/MainProcess] Connected to redis://redis:6379//
[2022-10-25 19:55:34,835: INFO/MainProcess] mingle: searching for neighbors
[2022-10-25 19:55:35,893: INFO/MainProcess] mingle: all alone
[2022-10-25 19:55:36,194: INFO/MainProcess] celery@78df7bb1fec2 ready.
[2022-10-25 19:55:36,218: INFO/MainProcess] Task account.tasks.delete_expired_tokens[b99bef71-88f5-4bea-8b1d-ae40dde9e435] received
[2022-10-25 19:55:36,229: INFO/MainProcess] Task account.tasks.debug_task[1c4772f6-465e-4111-a0db-5bcc666215b3] received
[2022-10-25 19:55:36,236: INFO/ForkPoolWorker-8] account.tasks.debug_task[1c4772f6-465e-4111-a0db-5bcc666215b3]: just for testing every 30 second
[2022-10-25 19:55:36,242: INFO/MainProcess] Task notification.tasks.delete_expired_notification[3839fb1f-d938-43a2-b69d-14a7fc192a7c] received
[2022-10-25 19:55:36,271: INFO/MainProcess] Task account.tasks.debug_task[01d79bad-a39e-4a06-afe0-9f548c574648] received
[2022-10-25 19:55:36,343: INFO/ForkPoolWorker-8] Task account.tasks.debug_task[1c4772f6-465e-4111-a0db-5bcc666215b3] succeeded in 0.08845920000021579s: 'Celery work'
[2022-10-25 19:55:36,410: INFO/ForkPoolWorker-9] account.tasks.debug_task[01d79bad-a39e-4a06-afe0-9f548c574648]: just for testing every 30 second
[2022-10-25 19:55:36,834: INFO/ForkPoolWorker-9] Task account.tasks.debug_task[01d79bad-a39e-4a06-afe0-9f548c574648] succeeded in 0.5570446000019729s: 'Celery work'
[2022-10-25 19:55:38,681: INFO/ForkPoolWorker-1] Task notification.tasks.delete_expired_notification[3839fb1f-d938-43a2-b69d-14a7fc192a7c] succeeded in 2.3172158999987005s: 'Notification celery done'
[2022-10-25 19:55:39,322: INFO/ForkPoolWorker-7] Task account.tasks.delete_expired_tokens[b99bef71-88f5-4bea-8b1d-ae40dde9e435] succeeded in 3.084803899997496s: 'Tokens celery Done'
[2022-10-25 20:00:43,679: INFO/MainProcess] Connected to redis://redis:6379//
[2022-10-25 20:00:44,367: INFO/MainProcess] mingle: searching for neighbors
[2022-10-25 20:00:45,621: INFO/MainProcess] mingle: all alone
[2022-10-25 20:00:45,846: INFO/MainProcess] celery@7cbf995c0c07 ready.
[2022-10-25 20:00:45,943: INFO/MainProcess] Task account.tasks.debug_task[3121c442-c3cb-4d21-9c33-50f3507ef245] received
[2022-10-25 20:00:45,970: INFO/MainProcess] Task account.tasks.debug_task[251dd382-f3fa-45a7-9788-d97c09b30d00] received
[2022-10-25 20:00:46,000: INFO/ForkPoolWorker-7] account.tasks.debug_task[3121c442-c3cb-4d21-9c33-50f3507ef245]: just for testing every 30 second
[2022-10-25 20:00:46,003: INFO/ForkPoolWorker-8] account.tasks.debug_task[251dd382-f3fa-45a7-9788-d97c09b30d00]: just for testing every 30 second
[2022-10-25 20:00:46,135: INFO/ForkPoolWorker-8] Task account.tasks.debug_task[251dd382-f3fa-45a7-9788-d97c09b30d00] succeeded in 0.13266289999955916s: 'Celery work'
[2022-10-25 20:00:46,155: INFO/ForkPoolWorker-7] Task account.tasks.debug_task[3121c442-c3cb-4d21-9c33-50f3507ef245] succeeded in 0.16116089999923133s: 'Celery work'
[2022-10-25 20:00:47,442: INFO/MainProcess] Events of group {task} enabled by remote.
[2022-10-25 20:01:04,002: INFO/MainProcess] Task account.tasks.debug_task[1ad6e4d1-8ad9-4cfc-b568-f13c671a7176] received
[2022-10-25 20:01:04,017: INFO/ForkPoolWorker-7] account.tasks.debug_task[1ad6e4d1-8ad9-4cfc-b568-f13c671a7176]: just for testing every 30 second
[2022-10-25 20:01:04,027: INFO/ForkPoolWorker-7] Task account.tasks.debug_task[1ad6e4d1-8ad9-4cfc-b568-f13c671a7176] succeeded in 0.010132199997315183s: 'Celery work'
[2022-10-25 20:01:35,435: INFO/MainProcess] Task account.tasks.debug_task[c19316b0-65e7-4ed3-8c9b-9498edb96d53] received
[2022-10-25 20:01:35,445: INFO/ForkPoolWorker-7] account.tasks.debug_task[c19316b0-65e7-4ed3-8c9b-9498edb96d53]: just for testing every 30 second
[2022-10-25 20:01:35,450: INFO/ForkPoolWorker-7] Task account.tasks.debug_task[c19316b0-65e7-4ed3-8c9b-9498edb96d53] succeeded in 0.006023800000548363s: 'Celery work'
[2022-10-25 20:02:06,884: INFO/MainProcess] Task account.tasks.debug_task[dbb026b2-9a2c-4a58-ab5f-9f030e01352b] received
[2022-10-25 20:02:06,901: INFO/ForkPoolWorker-7] account.tasks.debug_task[dbb026b2-9a2c-4a58-ab5f-9f030e01352b]: just for testing every 30 second
[2022-10-25 20:02:06,911: INFO/ForkPoolWorker-7] Task account.tasks.debug_task[dbb026b2-9a2c-4a58-ab5f-9f030e01352b] succeeded in 0.010857999997824663s: 'Celery work'
[2022-10-25 20:07:15,669: INFO/MainProcess] Connected to redis://redis:6379//
[2022-10-25 20:07:16,185: INFO/MainProcess] mingle: searching for neighbors
[2022-10-25 20:07:17,770: INFO/MainProcess] mingle: all alone
[2022-10-25 20:07:18,471: INFO/MainProcess] celery@fc35e8c30ada ready.
[2022-10-25 20:07:18,697: INFO/MainProcess] Task account.tasks.debug_task[1858a140-c16d-4183-b090-7b57a26df151] received
[2022-10-25 20:07:18,718: INFO/MainProcess] Task account.tasks.debug_task[c08c3034-2793-49ad-9f8d-032cb461716b] received
[2022-10-25 20:07:18,724: INFO/ForkPoolWorker-7] account.tasks.debug_task[1858a140-c16d-4183-b090-7b57a26df151]: just for testing every 30 second
[2022-10-25 20:07:18,727: INFO/ForkPoolWorker-8] account.tasks.debug_task[c08c3034-2793-49ad-9f8d-032cb461716b]: just for testing every 30 second
[2022-10-25 20:07:18,779: INFO/ForkPoolWorker-7] Task account.tasks.debug_task[1858a140-c16d-4183-b090-7b57a26df151] succeeded in 0.03931229999943753s: 'Celery work'
[2022-10-25 20:07:18,908: INFO/ForkPoolWorker-8] Task account.tasks.debug_task[c08c3034-2793-49ad-9f8d-032cb461716b] succeeded in 0.18286189999707858s: 'Celery work'
[2022-10-25 20:07:20,447: INFO/MainProcess] Events of group {task} enabled by remote.
[2022-10-25 20:07:31,724: INFO/MainProcess] Task account.tasks.debug_task[938d8bbc-8dbc-4cce-8e09-3e13e91f7a02] received
[2022-10-25 20:07:31,768: INFO/ForkPoolWorker-7] account.tasks.debug_task[938d8bbc-8dbc-4cce-8e09-3e13e91f7a02]: just for testing every 30 second
[2022-10-25 20:07:31,779: INFO/ForkPoolWorker-7] Task account.tasks.debug_task[938d8bbc-8dbc-4cce-8e09-3e13e91f7a02] succeeded in 0.01193050000074436s: 'Celery work'
[2022-10-25 20:08:03,120: INFO/MainProcess] Task account.tasks.debug_task[8843e2f0-16b1-4b53-879f-bd9586818e56] received
[2022-10-25 20:08:03,127: INFO/ForkPoolWorker-7] account.tasks.debug_task[8843e2f0-16b1-4b53-879f-bd9586818e56]: just for testing every 30 second
[2022-10-25 20:08:03,130: INFO/ForkPoolWorker-7] Task account.tasks.debug_task[8843e2f0-16b1-4b53-879f-bd9586818e56] succeeded in 0.0032412000000476837s: 'Celery work'
[2022-10-25 20:08:34,774: INFO/MainProcess] Task account.tasks.debug_task[46d9e91d-3fa8-4f11-9262-599e0d5881f2] received
[2022-10-25 20:08:34,792: INFO/ForkPoolWorker-7] account.tasks.debug_task[46d9e91d-3fa8-4f11-9262-599e0d5881f2]: just for testing every 30 second
[2022-10-25 20:08:34,802: INFO/ForkPoolWorker-7] Task account.tasks.debug_task[46d9e91d-3fa8-4f11-9262-599e0d5881f2] succeeded in 0.01111970000056317s: 'Celery work'
[2022-10-25 20:09:06,211: INFO/MainProcess] Task account.tasks.debug_task[8b8b3346-feba-4908-a5cc-1572126b8319] received
[2022-10-25 20:09:06,228: INFO/ForkPoolWorker-7] account.tasks.debug_task[8b8b3346-feba-4908-a5cc-1572126b8319]: just for testing every 30 second
[2022-10-25 20:09:06,237: INFO/ForkPoolWorker-7] Task account.tasks.debug_task[8b8b3346-feba-4908-a5cc-1572126b8319] succeeded in 0.010415099997771904s: 'Celery work'
[2022-10-25 20:09:39,907: INFO/MainProcess] Task account.tasks.debug_task[ef8c4335-43cc-4255-80ce-2bc2d959c005] received
[2022-10-25 20:09:39,926: INFO/ForkPoolWorker-7] account.tasks.debug_task[ef8c4335-43cc-4255-80ce-2bc2d959c005]: just for testing every 30 second
[2022-10-25 20:09:39,939: INFO/ForkPoolWorker-7] Task account.tasks.debug_task[ef8c4335-43cc-4255-80ce-2bc2d959c005] succeeded in 0.014246900002035545s: 'Celery work'
[2022-10-25 20:13:38,701: INFO/MainProcess] Connected to redis://redis:6379//
[2022-10-25 20:13:39,886: INFO/MainProcess] mingle: searching for neighbors
[2022-10-25 20:13:41,383: INFO/MainProcess] mingle: all alone
[2022-10-25 20:13:42,114: INFO/MainProcess] celery@7e12651996d8 ready.
[2022-10-25 20:13:43,317: INFO/MainProcess] Events of group {task} enabled by remote.
[2022-10-25 20:13:51,081: INFO/MainProcess] Task account.tasks.debug_task[3b16c7e1-8fe4-48dd-b4f9-faeaa9a0cc22] received
[2022-10-25 20:13:51,090: INFO/ForkPoolWorker-7] account.tasks.debug_task[3b16c7e1-8fe4-48dd-b4f9-faeaa9a0cc22]: just for testing every 30 second
[2022-10-25 20:13:51,099: INFO/ForkPoolWorker-7] Task account.tasks.debug_task[3b16c7e1-8fe4-48dd-b4f9-faeaa9a0cc22] succeeded in 0.00929550000000745s: 'Celery work'
[2022-10-25 20:14:21,368: INFO/MainProcess] Task account.tasks.debug_task[3f1404a0-414c-44f9-9eed-a873f65eac08] received
[2022-10-25 20:14:21,381: INFO/ForkPoolWorker-7] account.tasks.debug_task[3f1404a0-414c-44f9-9eed-a873f65eac08]: just for testing every 30 second
[2022-10-25 20:14:21,390: INFO/ForkPoolWorker-7] Task account.tasks.debug_task[3f1404a0-414c-44f9-9eed-a873f65eac08] succeeded in 0.010004199997638352s: 'Celery work'
[2022-10-25 20:14:52,741: INFO/MainProcess] Task account.tasks.debug_task[b490c5c0-5599-42de-84cd-2396c301a682] received
[2022-10-25 20:14:52,764: INFO/ForkPoolWorker-7] account.tasks.debug_task[b490c5c0-5599-42de-84cd-2396c301a682]: just for testing every 30 second
[2022-10-25 20:14:52,777: INFO/ForkPoolWorker-7] Task account.tasks.debug_task[b490c5c0-5599-42de-84cd-2396c301a682] succeeded in 0.017775199998141034s: 'Celery work'
[2022-10-25 20:15:24,134: INFO/MainProcess] Task account.tasks.debug_task[a8cd473a-5051-4da2-8b3f-0e78238c3205] received
[2022-10-25 20:15:24,145: INFO/ForkPoolWorker-7] account.tasks.debug_task[a8cd473a-5051-4da2-8b3f-0e78238c3205]: just for testing every 30 second
[2022-10-25 20:15:24,152: INFO/ForkPoolWorker-7] Task account.tasks.debug_task[a8cd473a-5051-4da2-8b3f-0e78238c3205] succeeded in 0.007455299997673137s: 'Celery work'
[2022-10-25 20:15:55,618: INFO/MainProcess] Task account.tasks.debug_task[d528c276-ef4c-43d7-8d35-e97943aa2d68] received
[2022-10-25 20:15:55,639: INFO/ForkPoolWorker-7] account.tasks.debug_task[d528c276-ef4c-43d7-8d35-e97943aa2d68]: just for testing every 30 second
[2022-10-25 20:15:55,650: INFO/ForkPoolWorker-7] Task account.tasks.debug_task[d528c276-ef4c-43d7-8d35-e97943aa2d68] succeeded in 0.012884199997643009s: 'Celery work'
[2022-10-25 20:16:27,054: INFO/MainProcess] Task account.tasks.debug_task[20da1bc3-e533-49ac-97dd-5f42f08f125a] received
[2022-10-25 20:16:27,069: INFO/ForkPoolWorker-7] account.tasks.debug_task[20da1bc3-e533-49ac-97dd-5f42f08f125a]: just for testing every 30 second
[2022-10-25 20:16:27,078: INFO/ForkPoolWorker-7] Task account.tasks.debug_task[20da1bc3-e533-49ac-97dd-5f42f08f125a] succeeded in 0.009895200000755722s: 'Celery work'
[2022-10-25 20:17:00,839: INFO/MainProcess] Task account.tasks.debug_task[fb156dac-b8a7-42a0-88ab-d3f18fb847e2] received
[2022-10-25 20:17:00,856: INFO/ForkPoolWorker-7] account.tasks.debug_task[fb156dac-b8a7-42a0-88ab-d3f18fb847e2]: just for testing every 30 second
[2022-10-25 20:17:00,866: INFO/ForkPoolWorker-7] Task account.tasks.debug_task[fb156dac-b8a7-42a0-88ab-d3f18fb847e2] succeeded in 0.010906100000283914s: 'Celery work'
[2022-10-25 20:17:32,274: INFO/MainProcess] Task account.tasks.debug_task[ed3b2942-01da-4e5d-bdf8-e5704a52cc55] received
[2022-10-25 20:17:32,285: INFO/ForkPoolWorker-7] account.tasks.debug_task[ed3b2942-01da-4e5d-bdf8-e5704a52cc55]: just for testing every 30 second
[2022-10-25 20:17:32,294: INFO/ForkPoolWorker-7] Task account.tasks.debug_task[ed3b2942-01da-4e5d-bdf8-e5704a52cc55] succeeded in 0.008766200000536628s: 'Celery work'
[2022-10-25 20:18:03,714: INFO/MainProcess] Task account.tasks.debug_task[5f74d6e5-83af-419c-a872-959c86a365de] received
[2022-10-25 20:18:03,729: INFO/ForkPoolWorker-7] account.tasks.debug_task[5f74d6e5-83af-419c-a872-959c86a365de]: just for testing every 30 second
[2022-10-25 20:18:03,736: INFO/ForkPoolWorker-7] Task account.tasks.debug_task[5f74d6e5-83af-419c-a872-959c86a365de] succeeded in 0.008150300000124844s: 'Celery work'
[2022-10-25 20:18:35,155: INFO/MainProcess] Task account.tasks.debug_task[59c4e08f-f20e-4167-b56d-c62cab5efe71] received
[2022-10-25 20:18:35,167: INFO/ForkPoolWorker-7] account.tasks.debug_task[59c4e08f-f20e-4167-b56d-c62cab5efe71]: just for testing every 30 second
[2022-10-25 20:18:35,172: INFO/ForkPoolWorker-7] Task account.tasks.debug_task[59c4e08f-f20e-4167-b56d-c62cab5efe71] succeeded in 0.005174099998839665s: 'Celery work'
[2022-10-25 20:19:06,592: INFO/MainProcess] Task account.tasks.debug_task[e8185106-ef71-4842-9c93-f44083456e7d] received
[2022-10-25 20:19:06,607: INFO/ForkPoolWorker-7] account.tasks.debug_task[e8185106-ef71-4842-9c93-f44083456e7d]: just for testing every 30 second
[2022-10-25 20:19:06,618: INFO/ForkPoolWorker-7] Task account.tasks.debug_task[e8185106-ef71-4842-9c93-f44083456e7d] succeeded in 0.012720599999738624s: 'Celery work'
[2022-10-25 20:19:38,019: INFO/MainProcess] Task account.tasks.debug_task[f008ff17-f6fb-46f8-84fe-9c7c2743aee5] received
[2022-10-25 20:19:38,033: INFO/ForkPoolWorker-7] account.tasks.debug_task[f008ff17-f6fb-46f8-84fe-9c7c2743aee5]: just for testing every 30 second
[2022-10-25 20:19:38,041: INFO/ForkPoolWorker-7] Task account.tasks.debug_task[f008ff17-f6fb-46f8-84fe-9c7c2743aee5] succeeded in 0.009108300000661984s: 'Celery work'
[2022-10-25 20:20:08,029: INFO/MainProcess] Task account.tasks.debug_task[a7253688-eda4-4314-a5a9-335da039e0b1] received
[2022-10-25 20:20:08,042: INFO/ForkPoolWorker-7] account.tasks.debug_task[a7253688-eda4-4314-a5a9-335da039e0b1]: just for testing every 30 second
[2022-10-25 20:20:08,051: INFO/ForkPoolWorker-7] Task account.tasks.debug_task[a7253688-eda4-4314-a5a9-335da039e0b1] succeeded in 0.01044000000183587s: 'Celery work'
[2022-10-25 20:20:39,384: INFO/MainProcess] Task account.tasks.debug_task[286e8382-88b0-467c-bf78-de4647675872] received
[2022-10-25 20:20:39,395: INFO/ForkPoolWorker-7] account.tasks.debug_task[286e8382-88b0-467c-bf78-de4647675872]: just for testing every 30 second
[2022-10-25 20:20:39,403: INFO/ForkPoolWorker-7] Task account.tasks.debug_task[286e8382-88b0-467c-bf78-de4647675872] succeeded in 0.007674399999814341s: 'Celery work'
[2022-10-25 20:21:10,856: INFO/MainProcess] Task account.tasks.debug_task[b14f2778-42f8-4626-9c16-77d1e560141b] received
[2022-10-25 20:21:10,867: INFO/ForkPoolWorker-7] account.tasks.debug_task[b14f2778-42f8-4626-9c16-77d1e560141b]: just for testing every 30 second
[2022-10-25 20:21:10,875: INFO/ForkPoolWorker-7] Task account.tasks.debug_task[b14f2778-42f8-4626-9c16-77d1e560141b] succeeded in 0.008516900001268368s: 'Celery work'
[2022-10-25 20:21:42,323: INFO/MainProcess] Task account.tasks.debug_task[eb43592b-c60a-4884-b70b-ff71d16202b1] received
[2022-10-25 20:21:42,336: INFO/ForkPoolWorker-7] account.tasks.debug_task[eb43592b-c60a-4884-b70b-ff71d16202b1]: just for testing every 30 second
[2022-10-25 20:21:42,347: INFO/ForkPoolWorker-7] Task account.tasks.debug_task[eb43592b-c60a-4884-b70b-ff71d16202b1] succeeded in 0.010866799999348586s: 'Celery work'
[2022-10-25 20:22:13,629: INFO/MainProcess] Task account.tasks.debug_task[cb73317d-a4a5-4895-b27a-bea42c40baeb] received
[2022-10-25 20:22:13,640: INFO/ForkPoolWorker-7] account.tasks.debug_task[cb73317d-a4a5-4895-b27a-bea42c40baeb]: just for testing every 30 second
[2022-10-25 20:22:13,649: INFO/ForkPoolWorker-7] Task account.tasks.debug_task[cb73317d-a4a5-4895-b27a-bea42c40baeb] succeeded in 0.008602199999586446s: 'Celery work'
[2022-10-25 20:22:45,009: INFO/MainProcess] Task account.tasks.debug_task[feae4006-1242-4ed3-9d7e-37b3a0d3aede] received
[2022-10-25 20:22:45,025: INFO/ForkPoolWorker-7] account.tasks.debug_task[feae4006-1242-4ed3-9d7e-37b3a0d3aede]: just for testing every 30 second
[2022-10-25 20:22:45,035: INFO/ForkPoolWorker-7] Task account.tasks.debug_task[feae4006-1242-4ed3-9d7e-37b3a0d3aede] succeeded in 0.01126989999829675s: 'Celery work'
[2022-10-25 20:23:16,313: INFO/MainProcess] Task account.tasks.debug_task[07857efe-6d78-428c-b8ca-4f500dd7999f] received
[2022-10-25 20:23:16,328: INFO/ForkPoolWorker-7] account.tasks.debug_task[07857efe-6d78-428c-b8ca-4f500dd7999f]: just for testing every 30 second
[2022-10-25 20:23:16,337: INFO/ForkPoolWorker-7] Task account.tasks.debug_task[07857efe-6d78-428c-b8ca-4f500dd7999f] succeeded in 0.009726600001158658s: 'Celery work'
[2022-10-25 20:23:47,815: INFO/MainProcess] Task account.tasks.debug_task[312a5d1a-2fa7-412e-95fe-3c1cbac319b4] received
[2022-10-25 20:23:47,826: INFO/ForkPoolWorker-7] account.tasks.debug_task[312a5d1a-2fa7-412e-95fe-3c1cbac319b4]: just for testing every 30 second
[2022-10-25 20:23:47,834: INFO/ForkPoolWorker-7] Task account.tasks.debug_task[312a5d1a-2fa7-412e-95fe-3c1cbac319b4] succeeded in 0.00940719999925932s: 'Celery work'
[2022-10-25 20:24:19,219: INFO/MainProcess] Task account.tasks.debug_task[2cd6d5f1-f155-4695-86a7-d0e054b12d16] received
[2022-10-25 20:24:19,235: INFO/ForkPoolWorker-7] account.tasks.debug_task[2cd6d5f1-f155-4695-86a7-d0e054b12d16]: just for testing every 30 second
[2022-10-25 20:24:19,246: INFO/ForkPoolWorker-7] Task account.tasks.debug_task[2cd6d5f1-f155-4695-86a7-d0e054b12d16] succeeded in 0.011799199997767573s: 'Celery work'
[2022-10-25 20:24:50,599: INFO/MainProcess] Task account.tasks.debug_task[dd34d1ae-b51a-4512-bc9c-48eced5f97b5] received
[2022-10-25 20:24:50,616: INFO/ForkPoolWorker-7] account.tasks.debug_task[dd34d1ae-b51a-4512-bc9c-48eced5f97b5]: just for testing every 30 second
[2022-10-25 20:24:50,625: INFO/ForkPoolWorker-7] Task account.tasks.debug_task[dd34d1ae-b51a-4512-bc9c-48eced5f97b5] succeeded in 0.009285999996791361s: 'Celery work'
[2022-10-25 20:24:52,084: INFO/MainProcess] Task account.tasks.delete_expired_tokens[851ad7b2-316c-47e4-aba9-8290cb65f21f] received
[2022-10-25 20:24:54,022: INFO/ForkPoolWorker-7] Task account.tasks.delete_expired_tokens[851ad7b2-316c-47e4-aba9-8290cb65f21f] succeeded in 1.9269022999978915s: 'Tokens celery Done'
[2022-10-25 20:24:58,230: INFO/MainProcess] Task notification.tasks.delete_expired_notification[a5210acd-c223-4ff2-9288-ec20d487451a] received
[2022-10-25 20:24:59,859: INFO/ForkPoolWorker-7] Task notification.tasks.delete_expired_notification[a5210acd-c223-4ff2-9288-ec20d487451a] succeeded in 1.6090906000026735s: 'Notification celery done'
[2022-10-25 20:25:21,935: INFO/MainProcess] Task account.tasks.debug_task[61b10817-905a-4baa-8c0e-5d07f571b218] received
[2022-10-25 20:25:21,951: INFO/ForkPoolWorker-7] account.tasks.debug_task[61b10817-905a-4baa-8c0e-5d07f571b218]: just for testing every 30 second
[2022-10-25 20:25:21,964: INFO/ForkPoolWorker-7] Task account.tasks.debug_task[61b10817-905a-4baa-8c0e-5d07f571b218] succeeded in 0.01292979999925592s: 'Celery work'
[2022-10-25 20:25:53,188: INFO/MainProcess] Task account.tasks.debug_task[ce54df3e-c8e2-4255-98df-896d3287f491] received
[2022-10-25 20:25:53,202: INFO/ForkPoolWorker-7] account.tasks.debug_task[ce54df3e-c8e2-4255-98df-896d3287f491]: just for testing every 30 second
[2022-10-25 20:25:53,209: INFO/ForkPoolWorker-7] Task account.tasks.debug_task[ce54df3e-c8e2-4255-98df-896d3287f491] succeeded in 0.007568400000309339s: 'Celery work'
[2022-10-25 20:26:26,986: INFO/MainProcess] Task account.tasks.debug_task[34d29f98-a46b-49a4-8b75-8ab787a595c7] received
[2022-10-25 20:26:27,002: INFO/ForkPoolWorker-7] account.tasks.debug_task[34d29f98-a46b-49a4-8b75-8ab787a595c7]: just for testing every 30 second
[2022-10-25 20:26:27,012: INFO/ForkPoolWorker-7] Task account.tasks.debug_task[34d29f98-a46b-49a4-8b75-8ab787a595c7] succeeded in 0.011539700000867015s: 'Celery work'
[2022-10-25 20:26:58,289: INFO/MainProcess] Task account.tasks.debug_task[0277ec7f-8d9e-4c8a-9fca-91a7c7530d91] received
[2022-10-25 20:26:58,305: INFO/ForkPoolWorker-7] account.tasks.debug_task[0277ec7f-8d9e-4c8a-9fca-91a7c7530d91]: just for testing every 30 second
[2022-10-25 20:26:58,312: INFO/ForkPoolWorker-7] Task account.tasks.debug_task[0277ec7f-8d9e-4c8a-9fca-91a7c7530d91] succeeded in 0.008137600001646206s: 'Celery work'
[2022-10-25 20:27:29,784: INFO/MainProcess] Task account.tasks.debug_task[a5e592ae-1365-4fe1-a9bb-0a112ed1fe64] received
[2022-10-25 20:27:29,798: INFO/ForkPoolWorker-7] account.tasks.debug_task[a5e592ae-1365-4fe1-a9bb-0a112ed1fe64]: just for testing every 30 second
[2022-10-25 20:27:29,804: INFO/ForkPoolWorker-7] Task account.tasks.debug_task[a5e592ae-1365-4fe1-a9bb-0a112ed1fe64] succeeded in 0.006560300000273855s: 'Celery work'
[2022-10-25 20:32:31,887: INFO/MainProcess] Connected to redis://redis:6379//
[2022-10-25 20:32:32,140: INFO/MainProcess] mingle: searching for neighbors
[2022-10-25 20:32:33,373: INFO/MainProcess] mingle: all alone
[2022-10-25 20:32:35,100: INFO/MainProcess] celery@3c313f935f5d ready.
[2022-10-25 20:32:35,429: INFO/MainProcess] Task account.tasks.debug_task[fb146e7d-87d8-424e-91fb-4a007d9665ea] received
[2022-10-25 20:32:35,449: INFO/MainProcess] Task account.tasks.debug_task[127cf171-125f-4abc-bb50-8016e118b174] received
[2022-10-25 20:32:35,454: INFO/MainProcess] Events of group {task} enabled by remote.
[2022-10-25 20:32:35,480: INFO/ForkPoolWorker-8] account.tasks.debug_task[127cf171-125f-4abc-bb50-8016e118b174]: just for testing every 30 second
[2022-10-25 20:32:35,492: INFO/ForkPoolWorker-7] account.tasks.debug_task[fb146e7d-87d8-424e-91fb-4a007d9665ea]: just for testing every 30 second
[2022-10-25 20:32:35,708: INFO/ForkPoolWorker-8] Task account.tasks.debug_task[127cf171-125f-4abc-bb50-8016e118b174] succeeded in 0.23134439999921597s: 'Celery work'
[2022-10-25 20:32:35,721: INFO/ForkPoolWorker-7] Task account.tasks.debug_task[fb146e7d-87d8-424e-91fb-4a007d9665ea] succeeded in 0.25576379999984056s: 'Celery work'
[2022-10-25 20:32:51,740: INFO/MainProcess] Task account.tasks.debug_task[9dcdd0b3-2723-4cd8-a8ec-62696ae5e0d8] received
[2022-10-25 20:32:51,765: INFO/ForkPoolWorker-7] account.tasks.debug_task[9dcdd0b3-2723-4cd8-a8ec-62696ae5e0d8]: just for testing every 30 second
[2022-10-25 20:32:51,783: INFO/ForkPoolWorker-7] Task account.tasks.debug_task[9dcdd0b3-2723-4cd8-a8ec-62696ae5e0d8] succeeded in 0.019966600000770995s: 'Celery work'
[2022-10-25 20:33:23,171: INFO/MainProcess] Task account.tasks.debug_task[4164454e-96cb-4996-bfec-983308f2389f] received
[2022-10-25 20:33:23,187: INFO/ForkPoolWorker-7] account.tasks.debug_task[4164454e-96cb-4996-bfec-983308f2389f]: just for testing every 30 second
[2022-10-25 20:33:23,194: INFO/ForkPoolWorker-7] Task account.tasks.debug_task[4164454e-96cb-4996-bfec-983308f2389f] succeeded in 0.008598199998232303s: 'Celery work'
[2022-10-25 20:33:54,437: INFO/MainProcess] Task account.tasks.debug_task[d57c1f0d-3bcd-488f-add5-150c23d50535] received
[2022-10-25 20:33:54,455: INFO/ForkPoolWorker-7] account.tasks.debug_task[d57c1f0d-3bcd-488f-add5-150c23d50535]: just for testing every 30 second
[2022-10-25 20:33:54,465: INFO/ForkPoolWorker-7] Task account.tasks.debug_task[d57c1f0d-3bcd-488f-add5-150c23d50535] succeeded in 0.012239600000611972s: 'Celery work'
[2022-10-25 20:34:25,941: INFO/MainProcess] Task account.tasks.debug_task[e3c8ab43-9b7a-46c2-ba20-5bdd12a5426c] received
[2022-10-25 20:34:25,956: INFO/ForkPoolWorker-7] account.tasks.debug_task[e3c8ab43-9b7a-46c2-ba20-5bdd12a5426c]: just for testing every 30 second
[2022-10-25 20:34:25,965: INFO/ForkPoolWorker-7] Task account.tasks.debug_task[e3c8ab43-9b7a-46c2-ba20-5bdd12a5426c] succeeded in 0.009911500001180684s: 'Celery work'
[2022-10-25 20:40:32,811: INFO/MainProcess] Connected to redis://redis:6379//
[2022-10-25 20:40:32,818: INFO/MainProcess] mingle: searching for neighbors
[2022-10-25 20:48:26,236: INFO/MainProcess] Connected to redis://redis:6379//
[2022-10-25 20:48:27,410: INFO/MainProcess] mingle: searching for neighbors
[2022-10-25 20:48:28,928: INFO/MainProcess] mingle: all alone
[2022-10-25 20:48:29,218: INFO/MainProcess] celery@9b1f90a6b5ae ready.
[2022-10-25 20:48:29,484: INFO/MainProcess] Task account.tasks.debug_task[eafd22cb-dd2c-4093-a746-d8749ef72788] received
[2022-10-25 20:48:29,587: INFO/MainProcess] Task account.tasks.debug_task[97dccb8d-f386-49b6-b9f3-b7d930ac2735] received
[2022-10-25 20:48:29,608: INFO/ForkPoolWorker-8] account.tasks.debug_task[97dccb8d-f386-49b6-b9f3-b7d930ac2735]: just for testing every 30 second
[2022-10-25 20:48:29,925: INFO/MainProcess] Task account.tasks.debug_task[ad2a2c23-f0d3-4fdb-9177-8e43dc961cdd] received
[2022-10-25 20:48:29,964: INFO/MainProcess] Events of group {task} enabled by remote.
[2022-10-25 20:48:30,016: INFO/MainProcess] Task account.tasks.debug_task[6cd13e88-d407-451a-94f9-3740ed5e8845] received
[2022-10-25 20:48:30,066: INFO/MainProcess] Task account.tasks.debug_task[15ddc0d7-b1d2-40ab-b1f4-6668199748cc] received
[2022-10-25 20:48:30,108: INFO/MainProcess] Task account.tasks.debug_task[667ebd13-da95-4f34-b806-b45bae7b1f6f] received
[2022-10-25 20:48:30,019: INFO/ForkPoolWorker-7] account.tasks.debug_task[eafd22cb-dd2c-4093-a746-d8749ef72788]: just for testing every 30 second
[2022-10-25 20:48:30,232: INFO/ForkPoolWorker-2] account.tasks.debug_task[15ddc0d7-b1d2-40ab-b1f4-6668199748cc]: just for testing every 30 second
[2022-10-25 20:48:30,126: INFO/ForkPoolWorker-9] account.tasks.debug_task[6cd13e88-d407-451a-94f9-3740ed5e8845]: just for testing every 30 second
[2022-10-25 20:48:30,278: INFO/MainProcess] Task account.tasks.debug_task[3e101c9f-c218-45cc-add2-c8bfcb9c8235] received
[2022-10-25 20:48:30,349: INFO/ForkPoolWorker-10] account.tasks.debug_task[667ebd13-da95-4f34-b806-b45bae7b1f6f]: just for testing every 30 second
[2022-10-25 20:48:30,437: INFO/ForkPoolWorker-3] account.tasks.debug_task[3e101c9f-c218-45cc-add2-c8bfcb9c8235]: just for testing every 30 second
[2022-10-25 20:48:30,318: INFO/ForkPoolWorker-1] account.tasks.debug_task[ad2a2c23-f0d3-4fdb-9177-8e43dc961cdd]: just for testing every 30 second
[2022-10-25 20:48:30,585: INFO/ForkPoolWorker-7] Task account.tasks.debug_task[eafd22cb-dd2c-4093-a746-d8749ef72788] succeeded in 0.6799356000010448s: 'Celery work'
[2022-10-25 20:48:30,743: INFO/ForkPoolWorker-3] Task account.tasks.debug_task[3e101c9f-c218-45cc-add2-c8bfcb9c8235] succeeded in 0.46041150000019115s: 'Celery work'
[2022-10-25 20:48:30,707: INFO/ForkPoolWorker-2] Task account.tasks.debug_task[15ddc0d7-b1d2-40ab-b1f4-6668199748cc] succeeded in 0.4737258000022848s: 'Celery work'
[2022-10-25 20:48:30,926: INFO/ForkPoolWorker-9] Task account.tasks.debug_task[6cd13e88-d407-451a-94f9-3740ed5e8845] succeeded in 0.9088941999980307s: 'Celery work'
[2022-10-25 20:48:30,965: INFO/ForkPoolWorker-10] Task account.tasks.debug_task[667ebd13-da95-4f34-b806-b45bae7b1f6f] succeeded in 0.6822073000003002s: 'Celery work'
[2022-10-25 20:48:31,170: INFO/ForkPoolWorker-8] Task account.tasks.debug_task[97dccb8d-f386-49b6-b9f3-b7d930ac2735] succeeded in 1.5729700999982015s: 'Celery work'
[2022-10-25 20:48:31,173: INFO/ForkPoolWorker-1] Task account.tasks.debug_task[ad2a2c23-f0d3-4fdb-9177-8e43dc961cdd] succeeded in 1.1216848000003665s: 'Celery work'
[2022-10-25 20:49:01,235: INFO/MainProcess] Task account.tasks.debug_task[a2b2dbdd-a9b7-47b0-bf69-fb3e67b8c3ab] received
[2022-10-25 20:49:01,239: INFO/ForkPoolWorker-7] account.tasks.debug_task[a2b2dbdd-a9b7-47b0-bf69-fb3e67b8c3ab]: just for testing every 30 second
[2022-10-25 20:49:01,242: INFO/ForkPoolWorker-7] Task account.tasks.debug_task[a2b2dbdd-a9b7-47b0-bf69-fb3e67b8c3ab] succeeded in 0.0031447000001207925s: 'Celery work'
[2022-10-25 20:49:32,520: INFO/MainProcess] Task account.tasks.debug_task[ea1f2c4d-a374-409d-809c-db861fd90297] received
[2022-10-25 20:49:32,524: INFO/ForkPoolWorker-7] account.tasks.debug_task[ea1f2c4d-a374-409d-809c-db861fd90297]: just for testing every 30 second
[2022-10-25 20:49:32,528: INFO/ForkPoolWorker-7] Task account.tasks.debug_task[ea1f2c4d-a374-409d-809c-db861fd90297] succeeded in 0.0044161000005260576s: 'Celery work'
[2022-10-25 20:53:06,397: INFO/MainProcess] Connected to redis://redis:6379//
[2022-10-25 20:53:06,450: INFO/MainProcess] mingle: searching for neighbors
[2022-10-25 20:53:07,513: INFO/MainProcess] mingle: all alone
[2022-10-25 20:53:07,531: INFO/MainProcess] celery@5494f0fad4e0 ready.
[2022-10-25 20:53:07,536: INFO/MainProcess] Task account.tasks.debug_task[fb0efbd0-b55c-451a-8433-ec5b880af20e] received
[2022-10-25 20:53:07,538: INFO/MainProcess] Task account.tasks.debug_task[ce814f56-f414-4073-a7a9-13a032e06eb4] received
[2022-10-25 20:53:07,540: INFO/ForkPoolWorker-7] account.tasks.debug_task[fb0efbd0-b55c-451a-8433-ec5b880af20e]: just for testing every 30 second
[2022-10-25 20:53:07,540: INFO/ForkPoolWorker-8] account.tasks.debug_task[ce814f56-f414-4073-a7a9-13a032e06eb4]: just for testing every 30 second
[2022-10-25 20:53:07,545: INFO/ForkPoolWorker-7] Task account.tasks.debug_task[fb0efbd0-b55c-451a-8433-ec5b880af20e] succeeded in 0.0053450999985216185s: 'Celery work'
[2022-10-25 20:53:07,546: INFO/ForkPoolWorker-8] Task account.tasks.debug_task[ce814f56-f414-4073-a7a9-13a032e06eb4] succeeded in 0.005345899997337256s: 'Celery work'
[2022-10-25 20:53:09,288: INFO/MainProcess] Events of group {task} enabled by remote.
[2022-10-25 20:53:15,047: INFO/MainProcess] Task account.tasks.debug_task[8bb2d6d0-cde1-491e-9f3d-c88cacd4dc40] received
[2022-10-25 20:53:15,052: INFO/ForkPoolWorker-7] account.tasks.debug_task[8bb2d6d0-cde1-491e-9f3d-c88cacd4dc40]: just for testing every 30 second
[2022-10-25 20:53:15,055: INFO/ForkPoolWorker-7] Task account.tasks.debug_task[8bb2d6d0-cde1-491e-9f3d-c88cacd4dc40] succeeded in 0.002706300001591444s: 'Celery work'
[2022-10-25 20:53:46,279: INFO/MainProcess] Task account.tasks.debug_task[e0009f3f-a2a5-4638-8b6e-591da281a966] received
[2022-10-25 20:53:46,282: INFO/ForkPoolWorker-7] account.tasks.debug_task[e0009f3f-a2a5-4638-8b6e-591da281a966]: just for testing every 30 second
[2022-10-25 20:53:46,285: INFO/ForkPoolWorker-7] Task account.tasks.debug_task[e0009f3f-a2a5-4638-8b6e-591da281a966] succeeded in 0.002464299999701325s: 'Celery work'
[2022-10-25 20:54:17,539: INFO/MainProcess] Task account.tasks.debug_task[afad3a0f-8ea2-496f-a475-edff34d6b2aa] received
[2022-10-25 20:54:17,544: INFO/ForkPoolWorker-7] account.tasks.debug_task[afad3a0f-8ea2-496f-a475-edff34d6b2aa]: just for testing every 30 second
[2022-10-25 20:54:17,547: INFO/ForkPoolWorker-7] Task account.tasks.debug_task[afad3a0f-8ea2-496f-a475-edff34d6b2aa] succeeded in 0.0035496000018611085s: 'Celery work'
[2022-10-25 20:54:48,835: INFO/MainProcess] Task account.tasks.debug_task[095cd0f0-7316-4471-a6fa-cfa463f8c4c1] received
[2022-10-25 20:54:48,842: INFO/ForkPoolWorker-7] account.tasks.debug_task[095cd0f0-7316-4471-a6fa-cfa463f8c4c1]: just for testing every 30 second
[2022-10-25 20:54:48,846: INFO/ForkPoolWorker-7] Task account.tasks.debug_task[095cd0f0-7316-4471-a6fa-cfa463f8c4c1] succeeded in 0.004142600002523977s: 'Celery work'
[2022-10-25 20:54:53,399: INFO/MainProcess] Task account.tasks.delete_expired_tokens[f98837d2-b494-4d59-8188-01f44d1b98f3] received
